
> quickminds-solutions@0.1.0 build
> next build

Γû▓ Next.js 16.2.10 (Turbopack)
- Experiments (use with caution):
  Γ£ô optimizeCss

  Creating an optimized production build ...
Γ£ô Compiled successfully in 19.2s
  Running TypeScript ...
  Finished TypeScript in 14.7s ...
  Collecting page data using 3 workers ...
  Generating static pages using 3 workers (0/31) ...
node.exe : Error occurred prerendering page "/services/web-development". Read 
more: https://nextjs.org/docs/messages/prerender-error
At line:1 char:1
+ & "C:\Program Files\nodejs/node.exe" "C:\Program Files\nodejs/node_mo ...
+ ~~~~~~~~~~~~~~~~~~~~~~~~~~~~~~~~~~~~~~~~~~~~~~~~~~~~~~~~~~~~~~~~~~~~~
    + CategoryInfo          : NotSpecified: (Error occurred ...prerender-error 
   :String) [], RemoteException
    + FullyQualifiedErrorId : NativeCommandError
 
Error: Event handlers cannot be passed to Client Component props.
  {className: ..., onSubmit: function onSubmit, children: ...}
                             ^^^^^^^^^^^^^^^^^
If you need interactivity, consider converting part of this to a Client 
Component.
    at stringify (<anonymous>) {
  digest: '220845818'
}
Export encountered an error on /services/[slug]/page: 
/services/web-development, exiting the build.
Γ¿» Next.js build worker exited with code: 1 and signal: null
